<html>
<body>
<pre>
<h1>µVision Build Log</h1>
<h2>Tool Versions:</h2>
IDE-Version: ¦ÌVision V5.29.0.0
Copyright (C) 2019 ARM Ltd and ARM Germany GmbH. All rights reserved.
License Information: ZJUNlict sudo, ZJU, LIC=32B1Q-NFMRS-BSTYX-HAIRZ-ZYPSD-WIVK4
 
Tool Versions:
Toolchain:       MDK-ARM Plus  Version: 5.29.0.0
Toolchain Path:  D:\Downloads\Keil\ARM\ARMCC\Bin
C Compiler:      Armcc.exe V5.06 update 6 (build 750)
Assembler:       Armasm.exe V5.06 update 6 (build 750)
Linker/Locator:  ArmLink.exe V5.06 update 6 (build 750)
Library Manager: ArmAr.exe V5.06 update 6 (build 750)
Hex Converter:   FromElf.exe V5.06 update 6 (build 750)
CPU DLL:         SARMCM3.DLL V5.29.0.0
Dialog DLL:      DCM.DLL V1.17.3.0
Target DLL:      STLink\ST-LINKIII-KEIL_SWO.dll V3.0.7.0
Dialog DLL:      TCM.DLL V1.36.5.0
 
<h2>Project:</h2>
D:\sn\Transmitter-serial\MDK-ARM\FOR_MARK.uvprojx
Project File Date:  04/14/2021

<h2>Output:</h2>
*** Using Compiler 'V5.06 update 6 (build 750)', folder: 'D:\Downloads\Keil\ARM\ARMCC\Bin'
Rebuild target 'FOR_MARK'
assembling startup_stm32h743xx.s...
compiling spi.c...
compiling NRF24L01.c...
..\Src\NRF24L01.c(226): warning:  #111-D: statement is unreachable
      HAL_Delay(2);
..\Src\NRF24L01.c(324): warning:  #1-D: last line of file ends without a newline
  }
..\Src\NRF24L01.c: 2 warnings, 0 errors
compiling gpio.c...
compiling main.c...
compiling usart.c...
compiling eth.c...
../Src/eth.c(79): warning:  #223-D: function "memset" declared implicitly
    memset(&TxConfig, 0 , sizeof(ETH_TxPacketConfig));
../Src/eth.c: 1 warning, 0 errors
compiling usb_otg.c...
compiling stm32h7xx_it.c...
compiling stm32h7xx_hal_msp.c...
compiling stm32h7xx_hal_cortex.c...
compiling stm32h7xx_hal_eth_ex.c...
compiling stm32h7xx_hal_rcc.c...
compiling stm32h7xx_hal_eth.c...
compiling stm32h7xx_hal_gpio.c...
compiling stm32h7xx_hal_flash.c...
compiling stm32h7xx_hal_flash_ex.c...
compiling stm32h7xx_hal_rcc_ex.c...
compiling stm32h7xx_hal_hsem.c...
compiling stm32h7xx_hal_pwr.c...
compiling stm32h7xx_hal_mdma.c...
compiling stm32h7xx_hal_pwr_ex.c...
compiling stm32h7xx_hal.c...
compiling stm32h7xx_hal_dma_ex.c...
compiling stm32h7xx_hal_dma.c...
compiling stm32h7xx_hal_exti.c...
compiling stm32h7xx_hal_i2c_ex.c...
compiling stm32h7xx_hal_spi_ex.c...
compiling stm32h7xx_hal_tim.c...
compiling stm32h7xx_hal_i2c.c...
compiling stm32h7xx_hal_tim_ex.c...
compiling stm32h7xx_hal_uart_ex.c...
compiling stm32h7xx_hal_spi.c...
compiling stm32h7xx_hal_pcd.c...
compiling stm32h7xx_hal_pcd_ex.c...
compiling system_stm32h7xx.c...
compiling stm32h7xx_ll_usb.c...
../Drivers/STM32H7xx_HAL_Driver/Src/stm32h7xx_ll_usb.c(925): warning:  #3108-D: attribute "__packed__" does not apply here
        USBx_DFIFO((uint32_t)ch_ep_num) = __UNALIGNED_UINT32_READ(pSrc);
../Drivers/STM32H7xx_HAL_Driver/Src/stm32h7xx_ll_usb.c(949): warning:  #3108-D: attribute "__packed__" does not apply here
      __UNALIGNED_UINT32_WRITE(pDest, USBx_DFIFO(0U));
../Drivers/STM32H7xx_HAL_Driver/Src/stm32h7xx_ll_usb.c: 2 warnings, 0 errors
compiling stm32h7xx_hal_uart.c...
linking...
Program Size: Code=21258 RO-data=722 RW-data=28 ZI-data=9572  
FromELF: creating hex file...
"FOR_MARK\FOR_MARK.axf" - 0 Error(s), 5 Warning(s).

<h2>Software Packages used:</h2>

Package Vendor: ARM
                http://www.keil.com/pack/ARM.CMSIS.5.6.0.pack
                ARM.CMSIS.5.6.0
                CMSIS (Cortex Microcontroller Software Interface Standard)
   * Component: CORE Version: 5.3.0

Package Vendor: Keil
                https://www.keil.com/pack/Keil.STM32H7xx_DFP.2.4.0.pack
                Keil.STM32H7xx_DFP.2.4.0
                STMicroelectronics STM32H7 Series Device Support and Examples

<h2>Collection of Component include folders:</h2>
  .\RTE\_FOR_MARK
  D:\Downloads\Arm\Packs\ARM\CMSIS\5.6.0\CMSIS\Core\Include
  D:\Downloads\Arm\Packs\Keil\STM32H7xx_DFP\2.4.0\Drivers\CMSIS\Device\ST\STM32H7xx\Include

<h2>Collection of Component Files used:</h2>

   * Component: ARM::CMSIS:CORE:5.3.0
Build Time Elapsed:  00:00:05
</pre>
</body>
</html>
